2026/05/26 09:16:24 BroadSpace collector starting (concurrency=50 interval=30m)
2026/05/26 09:16:24 Connected to Redis: redis://localhost:6379/0
2026/05/26 09:16:24 Configured 5 sources: [miniflux hackernews github_trending arxiv v2ex]
2026/05/26 09:16:24 starting collection cycle...
2026/05/26 09:16:24 source miniflux failed: miniflux returned 401
2026/05/26 09:16:25 source github_trending: fetched 50 articles
2026/05/26 09:16:25 source github_trending: published 50/50 articles
2026/05/26 09:16:32 source hackernews: no articles fetched
2026/05/26 09:16:40 source arxiv: no articles fetched
2026/05/26 09:16:55 source v2ex failed: v2ex fetch failed: Get "https://www.v2ex.com/api/topics/hot.json": context deadline exceeded (Client.Timeout exceeded while awaiting headers)
2026/05/26 09:16:55 collection cycle complete in 30.000298425s
2026/05/26 09:27:06 shutting down...
2026/05/26 09:27:06 collector stopped
2026/05/26 09:28:37 BroadSpace collector starting (concurrency=50 interval=30m)
2026/05/26 09:28:37 Connected to Redis: redis://localhost:6379/0
2026/05/26 09:28:37 Configured 5 sources: [miniflux hackernews github_trending arxiv v2ex]
2026/05/26 09:28:37 starting collection cycle...
2026/05/26 09:28:37 source miniflux failed: miniflux returned 401
2026/05/26 09:28:37 source arxiv: no articles fetched
2026/05/26 09:28:38 source github_trending: fetched 50 articles
2026/05/26 09:28:38 source github_trending: published 50/50 articles
2026/05/26 09:28:45 source hackernews: no articles fetched
2026/05/26 09:29:08 source v2ex failed: v2ex fetch failed: Get "https://www.v2ex.com/api/topics/hot.json": dial tcp 118.184.78.78:443: i/o timeout (Client.Timeout exceeded while awaiting headers)
2026/05/26 09:29:08 collection cycle complete in 30.020442206s
2026/05/26 09:34:06 shutting down...
2026/05/26 09:34:06 collector stopped
2026/05/26 09:34:28 BroadSpace collector starting (concurrency=50 interval=30m)
2026/05/26 09:34:28 Connected to Redis: redis://localhost:6379/0
2026/05/26 09:34:28 Configured 5 sources: [miniflux hackernews github_trending arxiv v2ex]
2026/05/26 09:34:28 starting collection cycle...
2026/05/26 09:34:28 source miniflux failed: miniflux returned 401
2026/05/26 09:34:28 source arxiv: no articles fetched
2026/05/26 09:34:29 starting collection cycle...
2026/05/26 09:34:29 source miniflux failed: miniflux returned 401
2026/05/26 09:34:29 source github_trending: fetched 50 articles
2026/05/26 09:34:29 source arxiv: no articles fetched
2026/05/26 09:34:29 source github_trending: fetched 50 articles
2026/05/26 09:34:29 source github_trending: published 50/50 articles
2026/05/26 09:34:29 source github_trending: published 50/50 articles
2026/05/26 09:34:36 source hackernews: no articles fetched
2026/05/26 09:34:37 source hackernews: no articles fetched
2026/05/26 09:34:59 source v2ex failed: v2ex fetch failed: Get "https://www.v2ex.com/api/topics/hot.json": context deadline exceeded (Client.Timeout exceeded while awaiting headers)
2026/05/26 09:34:59 collection cycle complete in 30.010350305s
2026/05/26 09:35:00 source v2ex failed: v2ex fetch failed: Get "https://www.v2ex.com/api/topics/hot.json": context deadline exceeded (Client.Timeout exceeded while awaiting headers)
2026/05/26 09:35:00 collection cycle complete in 30.000819651s
2026/05/26 09:38:46 shutting down...
2026/05/26 09:38:46 collector stopped
2026/05/26 09:38:48 shutting down...
2026/05/26 09:38:48 collector stopped
2026/05/26 09:39:19 BroadSpace collector starting (concurrency=50 interval=30m)
2026/05/26 09:39:19 Connected to Redis: redis://localhost:6379/0
2026/05/26 09:39:19 Configured 5 sources: [miniflux hackernews github_trending arxiv v2ex]
2026/05/26 09:39:19 starting collection cycle...
2026/05/26 09:39:19 source miniflux failed: miniflux returned 401
2026/05/26 09:39:19 source arxiv: no articles fetched
2026/05/26 09:39:19 source hackernews: no articles fetched
2026/05/26 09:39:20 source github_trending: fetched 50 articles
2026/05/26 09:39:20 source github_trending: published 50/50 articles
2026/05/26 09:39:50 source v2ex failed: v2ex fetch failed: Get "https://www.v2ex.com/api/topics/hot.json": dial tcp 66.220.149.32:443: i/o timeout (Client.Timeout exceeded while awaiting headers)
2026/05/26 09:39:50 collection cycle complete in 30.023266929s
2026/05/26 10:10:32 starting collection cycle...
2026/05/26 10:10:32 source miniflux failed: miniflux returned 401
2026/05/26 10:10:33 source arxiv: no articles fetched
2026/05/26 10:10:33 source hackernews: no articles fetched
2026/05/26 10:10:34 source github_trending: fetched 50 articles
2026/05/26 10:10:34 source github_trending: published 50/50 articles
2026/05/26 10:11:03 source v2ex failed: v2ex fetch failed: Get "https://www.v2ex.com/api/topics/hot.json": dial tcp 75.126.33.156:443: i/o timeout (Client.Timeout exceeded while awaiting headers)
2026/05/26 10:11:03 collection cycle complete in 30.018025721s
