=== BroadSpace Startup ===
[1/5] Starting Docker services...
 Network broad_space_default Creating 
 Network broad_space_default Created 
 Container broad_space-redis-1 Creating 
 Container broad_space-neo4j-1 Creating 
 Container broad_space-postgres-1 Creating 
 Container broad_space-neo4j-1 Created 
 Container broad_space-redis-1 Created 
 Container broad_space-postgres-1 Created 
 Container broad_space-miniflux-1 Creating 
 Container broad_space-api-1 Creating 
 Container broad_space-miniflux-1 Created 
 Container broad_space-api-1 Created 
 Container broad_space-prometheus-1 Creating 
 Container broad_space-prometheus-1 Created 
 Container broad_space-grafana-1 Creating 
 Container broad_space-grafana-1 Created 
 Container broad_space-neo4j-1 Starting 
 Container broad_space-redis-1 Starting 
 Container broad_space-postgres-1 Starting 
 Container broad_space-postgres-1 Started 
 Container broad_space-postgres-1 Waiting 
 Container broad_space-postgres-1 Waiting 
 Container broad_space-redis-1 Started 
 Container broad_space-neo4j-1 Started 
 Container broad_space-postgres-1 Healthy 
 Container broad_space-api-1 Starting 
 Container broad_space-postgres-1 Healthy 
 Container broad_space-miniflux-1 Starting 
 Container broad_space-api-1 Started 
 Container broad_space-prometheus-1 Starting 
 Container broad_space-miniflux-1 Started 
 Container broad_space-prometheus-1 Started 
 Container broad_space-grafana-1 Starting 
 Container broad_space-grafana-1 Started 
Waiting for services...
[2/5] Verifying services...
Services ready
[3/5] Building Go collector...
[4/5] Starting application services...
[5/5] Starting web feed server...

=== BroadSpace is running ===
Docker Services:
NAME                       IMAGE                      COMMAND                  SERVICE      CREATED          STATUS                            PORTS
broad_space-api-1          broad_space-api            "uv run uvicorn main…"   api          16 seconds ago   Up 7 seconds                      0.0.0.0:8000->8000/tcp, [::]:8000->8000/tcp
broad_space-grafana-1      grafana/grafana:latest     "/run.sh"                grafana      16 seconds ago   Up 5 seconds                      0.0.0.0:3001->3000/tcp, [::]:3001->3000/tcp
broad_space-miniflux-1     miniflux/miniflux:latest   "/usr/bin/miniflux"      miniflux     16 seconds ago   Up 7 seconds (health: starting)   0.0.0.0:8080->8080/tcp, [::]:8080->8080/tcp
broad_space-neo4j-1        neo4j:5-community          "tini -g -- /startup…"   neo4j        16 seconds ago   Up 15 seconds (healthy)           0.0.0.0:7474->7474/tcp, [::]:7474->7474/tcp, 0.0.0.0:7687->7687/tcp, [::]:7687->7687/tcp
broad_space-postgres-1     postgres:16-alpine         "docker-entrypoint.s…"   postgres     16 seconds ago   Up 15 seconds (healthy)           0.0.0.0:5432->5432/tcp, [::]:5432->5432/tcp
broad_space-prometheus-1   prom/prometheus:latest     "/bin/prometheus --c…"   prometheus   16 seconds ago   Up 6 seconds                      0.0.0.0:9090->9090/tcp, [::]:9090->9090/tcp
broad_space-redis-1        redis:7-alpine             "docker-entrypoint.s…"   redis        16 seconds ago   Up 15 seconds (healthy)           0.0.0.0:6379->6379/tcp, [::]:6379->6379/tcp

Stopping BroadSpace services...
=== BroadSpace Startup ===
[1/5] Starting Docker services...
 Network broad_space_default Creating 
 Network broad_space_default Created 
 Container broad_space-neo4j-1 Creating 
 Container broad_space-postgres-1 Creating 
 Container broad_space-redis-1 Creating 
 Container broad_space-neo4j-1 Created 
 Container broad_space-redis-1 Created 
 Container broad_space-postgres-1 Created 
 Container broad_space-api-1 Creating 
 Container broad_space-miniflux-1 Creating 
 Container broad_space-miniflux-1 Created 
 Container broad_space-api-1 Created 
 Container broad_space-prometheus-1 Creating 
 Container broad_space-prometheus-1 Created 
 Container broad_space-grafana-1 Creating 
 Container broad_space-grafana-1 Created 
 Container broad_space-postgres-1 Starting 
 Container broad_space-redis-1 Starting 
 Container broad_space-neo4j-1 Starting 
 Container broad_space-postgres-1 Started 
 Container broad_space-postgres-1 Waiting 
 Container broad_space-postgres-1 Waiting 
 Container broad_space-redis-1 Started 
 Container broad_space-neo4j-1 Started 
 Container broad_space-postgres-1 Healthy 
 Container broad_space-api-1 Starting 
 Container broad_space-postgres-1 Healthy 
 Container broad_space-miniflux-1 Starting 
 Container broad_space-api-1 Started 
 Container broad_space-prometheus-1 Starting 
 Container broad_space-miniflux-1 Started 
 Container broad_space-prometheus-1 Started 
 Container broad_space-grafana-1 Starting 
 Container broad_space-grafana-1 Started 
Waiting for services...
[2/5] Verifying services...
Services ready
[3/5] Building Go collector...
[4/5] Starting application services...
[5/5] Starting web feed server...

=== BroadSpace is running ===
Docker Services:
NAME                       IMAGE                      COMMAND                  SERVICE      CREATED          STATUS                            PORTS
broad_space-api-1          broad_space-api            "uv run uvicorn main…"   api          15 seconds ago   Up 7 seconds                      0.0.0.0:8000->8000/tcp, [::]:8000->8000/tcp
broad_space-grafana-1      grafana/grafana:latest     "/run.sh"                grafana      14 seconds ago   Up 5 seconds                      0.0.0.0:3001->3000/tcp, [::]:3001->3000/tcp
broad_space-miniflux-1     miniflux/miniflux:latest   "/usr/bin/miniflux"      miniflux     15 seconds ago   Up 7 seconds (health: starting)   0.0.0.0:8080->8080/tcp, [::]:8080->8080/tcp
broad_space-neo4j-1        neo4j:5-community          "tini -g -- /startup…"   neo4j        15 seconds ago   Up 14 seconds (healthy)           0.0.0.0:7474->7474/tcp, [::]:7474->7474/tcp, 0.0.0.0:7687->7687/tcp, [::]:7687->7687/tcp
broad_space-postgres-1     postgres:16-alpine         "docker-entrypoint.s…"   postgres     15 seconds ago   Up 14 seconds (healthy)           0.0.0.0:5432->5432/tcp, [::]:5432->5432/tcp
broad_space-prometheus-1   prom/prometheus:latest     "/bin/prometheus --c…"   prometheus   14 seconds ago   Up 6 seconds                      0.0.0.0:9090->9090/tcp, [::]:9090->9090/tcp
broad_space-redis-1        redis:7-alpine             "docker-entrypoint.s…"   redis        15 seconds ago   Up 14 seconds (healthy)           0.0.0.0:6379->6379/tcp, [::]:6379->6379/tcp

